// Jest Snapshot v1, https://goo.gl/fbAQLP

exports[`axu-input input-snapshot 1`] = `
<div>
  <input
    type="text"
  />
</div>
`;

exports[`lg-input input-snapshot 1`] = `
<div>
  <input
    type="text"
  />
</div>
`;
